python : C:\Users\P723919021\Documents\FIRMADOR\tests\test_flet_ui.py:316: DeprecationWarning: ElevatedButton is 
deprecated since version 0.80.0 and will be removed in version 1.0. Use Button instead.
En línea: 1 Carácter: 1
+ python tests/test_flet_ui.py 2> tests/error_log.txt
+ ~~~~~~~~~~~~~~~~~~~~~~~~~~~~~~~~~~~~~~~~~~~~~~~~~~~
    + CategoryInfo          : NotSpecified: (C:\Users\P72391...Button instead.:String) [], RemoteException
    + FullyQualifiedErrorId : NativeCommandError
 
  action_btn = ft.ElevatedButton(
ERROR:    Exception in ASGI application
Traceback (most recent call last):
  File "C:\Users\P723919021\AppData\Local\Programs\Python\Python314\Lib\site-packages\uvicorn\protocols\websockets\webs
ockets_sansio_impl.py", line 368, in send
    self.conn.send_binary(bytes_data)
    ~~~~~~~~~~~~~~~~~~~~~^^^^^^^^^^^^
  File "C:\Users\P723919021\AppData\Local\Programs\Python\Python314\Lib\site-packages\websockets\protocol.py", line 
360, in send_binary
    raise InvalidState(f"connection is {self.state.name.lower()}")
websockets.exceptions.InvalidState: connection is closing

During handling of the above exception, another exception occurred:

Traceback (most recent call last):
  File "C:\Users\P723919021\AppData\Local\Programs\Python\Python314\Lib\site-packages\starlette\websockets.py", line 
86, in send
    await self._send(message)
  File 
"C:\Users\P723919021\AppData\Local\Programs\Python\Python314\Lib\site-packages\starlette\_exception_handler.py", line 
39, in sender
    await send(message)
  File 
"C:\Users\P723919021\AppData\Local\Programs\Python\Python314\Lib\site-packages\starlette\_exception_handler.py", line 
39, in sender
    await send(message)
  File "C:\Users\P723919021\AppData\Local\Programs\Python\Python314\Lib\site-packages\uvicorn\protocols\websockets\webs
ockets_sansio_impl.py", line 389, in send
    raise ClientDisconnected()
uvicorn.protocols.utils.ClientDisconnected

During handling of the above exception, another exception occurred:

Traceback (most recent call last):
  File "C:\Users\P723919021\AppData\Local\Programs\Python\Python314\Lib\site-packages\uvicorn\protocols\websockets\webs
ockets_sansio_impl.py", line 273, in run_asgi
    result = await self.app(self.scope, self.receive, self.send)
             ^^^^^^^^^^^^^^^^^^^^^^^^^^^^^^^^^^^^^^^^^^^^^^^^^^^
  File 
"C:\Users\P723919021\AppData\Local\Programs\Python\Python314\Lib\site-packages\uvicorn\middleware\proxy_headers.py", 
line 60, in __call__
    return await self.app(scope, receive, send)
           ^^^^^^^^^^^^^^^^^^^^^^^^^^^^^^^^^^^^
  File "C:\Users\P723919021\AppData\Local\Programs\Python\Python314\Lib\site-packages\fastapi\applications.py", line 
1160, in __call__
    await super().__call__(scope, receive, send)
  File "C:\Users\P723919021\AppData\Local\Programs\Python\Python314\Lib\site-packages\starlette\applications.py", line 
107, in __call__
    await self.middleware_stack(scope, receive, send)
  File "C:\Users\P723919021\AppData\Local\Programs\Python\Python314\Lib\site-packages\starlette\middleware\errors.py", 
line 151, in __call__
    await self.app(scope, receive, send)
  File 
"C:\Users\P723919021\AppData\Local\Programs\Python\Python314\Lib\site-packages\starlette\middleware\exceptions.py", 
line 63, in __call__
    await wrap_app_handling_exceptions(self.app, conn)(scope, receive, send)
  File 
"C:\Users\P723919021\AppData\Local\Programs\Python\Python314\Lib\site-packages\starlette\_exception_handler.py", line 
53, in wrapped_app
    raise exc
  File 
"C:\Users\P723919021\AppData\Local\Programs\Python\Python314\Lib\site-packages\starlette\_exception_handler.py", line 
42, in wrapped_app
    await app(scope, receive, sender)
  File 
"C:\Users\P723919021\AppData\Local\Programs\Python\Python314\Lib\site-packages\fastapi\middleware\asyncexitstack.py", 
line 18, in __call__
    await self.app(scope, receive, send)
  File "C:\Users\P723919021\AppData\Local\Programs\Python\Python314\Lib\site-packages\starlette\routing.py", line 716, 
in __call__
    await self.middleware_stack(scope, receive, send)
  File "C:\Users\P723919021\AppData\Local\Programs\Python\Python314\Lib\site-packages\starlette\routing.py", line 736, 
in app
    await route.handle(scope, receive, send)
  File "C:\Users\P723919021\AppData\Local\Programs\Python\Python314\Lib\site-packages\starlette\routing.py", line 462, 
in handle
    await self.app(scope, receive, send)
  File "C:\Users\P723919021\AppData\Local\Programs\Python\Python314\Lib\site-packages\fastapi\applications.py", line 
1160, in __call__
    await super().__call__(scope, receive, send)
  File "C:\Users\P723919021\AppData\Local\Programs\Python\Python314\Lib\site-packages\starlette\applications.py", line 
107, in __call__
    await self.middleware_stack(scope, receive, send)
  File "C:\Users\P723919021\AppData\Local\Programs\Python\Python314\Lib\site-packages\starlette\middleware\errors.py", 
line 151, in __call__
    await self.app(scope, receive, send)
  File "C:\Users\P723919021\AppData\Local\Programs\Python\Python314\Lib\site-packages\starlette\middleware\base.py", 
line 103, in __call__
    await self.app(scope, receive, send)
  File 
"C:\Users\P723919021\AppData\Local\Programs\Python\Python314\Lib\site-packages\starlette\middleware\exceptions.py", 
line 63, in __call__
    await wrap_app_handling_exceptions(self.app, conn)(scope, receive, send)
  File 
"C:\Users\P723919021\AppData\Local\Programs\Python\Python314\Lib\site-packages\starlette\_exception_handler.py", line 
53, in wrapped_app
    raise exc
  File 
"C:\Users\P723919021\AppData\Local\Programs\Python\Python314\Lib\site-packages\starlette\_exception_handler.py", line 
42, in wrapped_app
    await app(scope, receive, sender)
  File 
"C:\Users\P723919021\AppData\Local\Programs\Python\Python314\Lib\site-packages\fastapi\middleware\asyncexitstack.py", 
line 18, in __call__
    await self.app(scope, receive, send)
  File "C:\Users\P723919021\AppData\Local\Programs\Python\Python314\Lib\site-packages\starlette\routing.py", line 716, 
in __call__
    await self.middleware_stack(scope, receive, send)
  File "C:\Users\P723919021\AppData\Local\Programs\Python\Python314\Lib\site-packages\starlette\routing.py", line 736, 
in app
    await route.handle(scope, receive, send)
  File "C:\Users\P723919021\AppData\Local\Programs\Python\Python314\Lib\site-packages\starlette\routing.py", line 364, 
in handle
    await self.app(scope, receive, send)
  File "C:\Users\P723919021\AppData\Local\Programs\Python\Python314\Lib\site-packages\fastapi\routing.py", line 156, 
in app
    await wrap_app_handling_exceptions(app, session)(scope, receive, send)
  File 
"C:\Users\P723919021\AppData\Local\Programs\Python\Python314\Lib\site-packages\starlette\_exception_handler.py", line 
53, in wrapped_app
    raise exc
  File 
"C:\Users\P723919021\AppData\Local\Programs\Python\Python314\Lib\site-packages\starlette\_exception_handler.py", line 
42, in wrapped_app
    await app(scope, receive, sender)
  File "C:\Users\P723919021\AppData\Local\Programs\Python\Python314\Lib\site-packages\fastapi\routing.py", line 153, 
in app
    await func(session)
  File "C:\Users\P723919021\AppData\Local\Programs\Python\Python314\Lib\site-packages\fastapi\routing.py", line 760, 
in app
    await dependant.call(**solved_result.values)
  File "C:\Users\P723919021\AppData\Local\Programs\Python\Python314\Lib\site-packages\flet_web\fastapi\app.py", line 
98, in app_handler
    await FletApp(
    ...<8 lines>...
    ).handle(websocket)
  File "C:\Users\P723919021\AppData\Local\Programs\Python\Python314\Lib\site-packages\flet_web\fastapi\flet_app.py", 
line 132, in handle
    await send_loop_task
  File "C:\Users\P723919021\AppData\Local\Programs\Python\Python314\Lib\site-packages\flet_web\fastapi\flet_app.py", 
line 205, in __send_loop
    await self.__websocket.send_bytes(message)
  File "C:\Users\P723919021\AppData\Local\Programs\Python\Python314\Lib\site-packages\starlette\websockets.py", line 
169, in send_bytes
    await self.send({"type": "websocket.send", "bytes": data})
  File "C:\Users\P723919021\AppData\Local\Programs\Python\Python314\Lib\site-packages\starlette\websockets.py", line 
89, in send
    raise WebSocketDisconnect(code=1006)
starlette.websockets.WebSocketDisconnect
